--------------------------------------------------------------------------------
Release 14.7 Trace  (lin)
Copyright (c) 1995-2013 Xilinx, Inc.  All rights reserved.

/home/jharvard/14.7/ISE_DS/ISE/bin/lin/unwrapped/trce -intstyle ise -v 3 -s 3
-n 3 -fastpaths -xml main.twx main.ncd -o main.twr main.pcf -ucf atlys.ucf

Design file:              main.ncd
Physical constraint file: main.pcf
Device,package,speed:     xc6slx45,csg324,C,-3 (PRODUCTION 1.23 2013-10-13)
Report level:             verbose report

Environment Variable      Effect 
--------------------      ------ 
NONE                      No environment variables were set
--------------------------------------------------------------------------------

INFO:Timing:2698 - No timing constraints found, doing default enumeration.
INFO:Timing:3412 - To improve timing, see the Timing Closure User Guide (UG612).
INFO:Timing:2752 - To get complete path coverage, use the unconstrained paths 
   option. All paths that are not constrained will be reported in the 
   unconstrained paths section(s) of the report.
INFO:Timing:3339 - The clock-to-out numbers in this timing report are based on 
   a 50 Ohm transmission line loading model.  For the details of this model, 
   and for more information on accounting for different loading conditions, 
   please see the device datasheet.



Data Sheet report:
-----------------
All values displayed in nanoseconds (ns)

Setup/Hold to clock unbuf_clk
-------------+------------+------------+------------+------------+------------------+--------+
             |Max Setup to|  Process   |Max Hold to |  Process   |                  | Clock  |
Source       | clk (edge) |   Corner   | clk (edge) |   Corner   |Internal Clock(s) | Phase  |
-------------+------------+------------+------------+------------+------------------+--------+
button_center|    6.414(R)|      SLOW  |   -3.008(R)|      FAST  |cclk              |   0.000|
rstb_button  |    4.448(R)|      SLOW  |   -2.709(R)|      FAST  |cclk              |   0.000|
switch<7>    |    6.200(R)|      SLOW  |   -3.826(R)|      FAST  |cclk              |   0.000|
touch_busy   |    5.213(R)|      SLOW  |   -3.062(R)|      FAST  |cclk              |   0.000|
-------------+------------+------------+------------+------------+------------------+--------+

Clock unbuf_clk to Pad
-------------+-----------------+------------+-----------------+------------+------------------+--------+
             |Max (slowest) clk|  Process   |Min (fastest) clk|  Process   |                  | Clock  |
Destination  |  (edge) to PAD  |   Corner   |  (edge) to PAD  |   Corner   |Internal Clock(s) | Phase  |
-------------+-----------------+------------+-----------------+------------+------------------+--------+
led<0>       |         7.853(R)|      SLOW  |         4.446(R)|      FAST  |tft_clk_buf       |   0.000|
led<1>       |         8.519(R)|      SLOW  |         4.755(R)|      FAST  |tft_clk_buf       |   0.000|
led<2>       |         8.432(R)|      SLOW  |         4.574(R)|      FAST  |tft_clk_buf       |   0.000|
led<3>       |         9.047(R)|      SLOW  |         4.900(R)|      FAST  |tft_clk_buf       |   0.000|
led<4>       |         8.835(R)|      SLOW  |         4.767(R)|      FAST  |tft_clk_buf       |   0.000|
led<5>       |        12.163(R)|      SLOW  |         6.838(R)|      FAST  |tft_clk_buf       |   0.000|
led<6>       |        10.508(R)|      SLOW  |         5.499(R)|      FAST  |tft_clk_buf       |   0.000|
led<7>       |        13.517(R)|      SLOW  |         6.905(R)|      FAST  |cclk              |   0.000|
tft_blue<0>  |        27.220(R)|      SLOW  |         4.790(R)|      FAST  |tft_clk_buf       |   0.000|
tft_blue<1>  |        27.168(R)|      SLOW  |         4.767(R)|      FAST  |tft_clk_buf       |   0.000|
tft_blue<2>  |        14.009(R)|      SLOW  |         4.473(R)|      FAST  |tft_clk_buf       |   0.000|
tft_blue<3>  |        27.224(R)|      SLOW  |         4.980(R)|      FAST  |tft_clk_buf       |   0.000|
tft_blue<4>  |        28.700(R)|      SLOW  |         5.559(R)|      FAST  |tft_clk_buf       |   0.000|
tft_blue<5>  |        28.724(R)|      SLOW  |         5.507(R)|      FAST  |tft_clk_buf       |   0.000|
tft_blue<6>  |        28.337(R)|      SLOW  |         5.272(R)|      FAST  |tft_clk_buf       |   0.000|
tft_blue<7>  |        28.647(R)|      SLOW  |         5.454(R)|      FAST  |tft_clk_buf       |   0.000|
tft_clk      |         4.186(R)|      SLOW  |         1.865(R)|      FAST  |tft_clk_buf       |   0.000|
             |         4.171(R)|      SLOW  |         1.943(R)|      FAST  |tft_clk_buf_n     |   0.000|
tft_data_ena |        10.451(R)|      SLOW  |         4.722(R)|      FAST  |tft_clk_buf       |   0.000|
tft_display  |         4.307(R)|      SLOW  |         1.803(R)|      FAST  |tft_clk_buf       |   0.000|
tft_green<0> |        26.715(R)|      SLOW  |         4.574(R)|      FAST  |tft_clk_buf       |   0.000|
tft_green<1> |        27.095(R)|      SLOW  |         4.833(R)|      FAST  |tft_clk_buf       |   0.000|
tft_green<2> |        14.468(R)|      SLOW  |         4.686(R)|      FAST  |tft_clk_buf       |   0.000|
tft_green<3> |        27.181(R)|      SLOW  |         4.878(R)|      FAST  |tft_clk_buf       |   0.000|
tft_green<4> |        27.114(R)|      SLOW  |         4.714(R)|      FAST  |tft_clk_buf       |   0.000|
tft_green<5> |        27.051(R)|      SLOW  |         4.684(R)|      FAST  |tft_clk_buf       |   0.000|
tft_green<6> |        27.128(R)|      SLOW  |         4.664(R)|      FAST  |tft_clk_buf       |   0.000|
tft_green<7> |        27.510(R)|      SLOW  |         4.887(R)|      FAST  |tft_clk_buf       |   0.000|
tft_red<0>   |        27.161(R)|      SLOW  |         4.813(R)|      FAST  |tft_clk_buf       |   0.000|
tft_red<1>   |        28.179(R)|      SLOW  |         5.182(R)|      FAST  |tft_clk_buf       |   0.000|
tft_red<2>   |        13.948(R)|      SLOW  |         4.818(R)|      FAST  |tft_clk_buf       |   0.000|
tft_red<3>   |        28.277(R)|      SLOW  |         5.172(R)|      FAST  |tft_clk_buf       |   0.000|
tft_red<4>   |        28.357(R)|      SLOW  |         5.107(R)|      FAST  |tft_clk_buf       |   0.000|
tft_red<5>   |        28.604(R)|      SLOW  |         5.226(R)|      FAST  |tft_clk_buf       |   0.000|
tft_red<6>   |        28.319(R)|      SLOW  |         5.050(R)|      FAST  |tft_clk_buf       |   0.000|
tft_red<7>   |        28.230(R)|      SLOW  |         5.015(R)|      FAST  |tft_clk_buf       |   0.000|
tft_vdd      |         4.255(R)|      SLOW  |         1.751(R)|      FAST  |tft_clk_buf       |   0.000|
touch_clk    |         6.259(R)|      SLOW  |         3.212(R)|      FAST  |cclk              |   0.000|
touch_csb    |         7.538(R)|      SLOW  |         4.116(R)|      FAST  |cclk              |   0.000|
touch_data_in|         6.493(R)|      SLOW  |         3.366(R)|      FAST  |cclk              |   0.000|
-------------+-----------------+------------+-----------------+------------+------------------+--------+

Clock to Setup on destination clock unbuf_clk
---------------+---------+---------+---------+---------+
               | Src:Rise| Src:Fall| Src:Rise| Src:Fall|
Source Clock   |Dest:Rise|Dest:Rise|Dest:Fall|Dest:Fall|
---------------+---------+---------+---------+---------+
unbuf_clk      |    9.495|         |         |         |
---------------+---------+---------+---------+---------+

Pad to Pad
---------------+---------------+---------+
Source Pad     |Destination Pad|  Delay  |
---------------+---------------+---------+
switch<0>      |tft_blue<0>    |   15.674|
switch<0>      |tft_blue<1>    |   15.633|
switch<0>      |tft_blue<2>    |   15.025|
switch<0>      |tft_blue<3>    |   15.830|
switch<0>      |tft_blue<4>    |   15.654|
switch<0>      |tft_blue<5>    |   15.678|
switch<0>      |tft_blue<6>    |   15.451|
switch<0>      |tft_blue<7>    |   15.761|
switch<0>      |tft_green<0>   |   14.988|
switch<0>      |tft_green<1>   |   15.252|
switch<0>      |tft_green<2>   |   15.338|
switch<0>      |tft_green<3>   |   15.338|
switch<0>      |tft_green<4>   |   15.003|
switch<0>      |tft_green<5>   |   14.940|
switch<0>      |tft_green<6>   |   14.789|
switch<0>      |tft_green<7>   |   15.171|
switch<0>      |tft_red<0>     |   16.429|
switch<0>      |tft_red<1>     |   15.633|
switch<0>      |tft_red<2>     |   14.288|
switch<0>      |tft_red<3>     |   15.712|
switch<0>      |tft_red<4>     |   15.581|
switch<0>      |tft_red<5>     |   15.828|
switch<0>      |tft_red<6>     |   15.534|
switch<0>      |tft_red<7>     |   15.445|
---------------+---------------+---------+


Analysis completed Thu Dec  4 17:16:20 2014 
--------------------------------------------------------------------------------

Trace Settings:
-------------------------
Trace Settings 

Peak Memory Usage: 206 MB



