--------------------------------------------------------------------------------
Release 14.7 Trace  (lin)
Copyright (c) 1995-2013 Xilinx, Inc.  All rights reserved.

/home/jharvard/14.7/ISE_DS/ISE/bin/lin/unwrapped/trce -intstyle ise -v 3 -s 3
-n 3 -fastpaths -xml main.twx main.ncd -o main.twr main.pcf -ucf atlys.ucf

Design file:              main.ncd
Physical constraint file: main.pcf
Device,package,speed:     xc6slx45,csg324,C,-3 (PRODUCTION 1.23 2013-10-13)
Report level:             verbose report

Environment Variable      Effect 
--------------------      ------ 
NONE                      No environment variables were set
--------------------------------------------------------------------------------

INFO:Timing:2698 - No timing constraints found, doing default enumeration.
INFO:Timing:3412 - To improve timing, see the Timing Closure User Guide (UG612).
INFO:Timing:2752 - To get complete path coverage, use the unconstrained paths 
   option. All paths that are not constrained will be reported in the 
   unconstrained paths section(s) of the report.
INFO:Timing:3339 - The clock-to-out numbers in this timing report are based on 
   a 50 Ohm transmission line loading model.  For the details of this model, 
   and for more information on accounting for different loading conditions, 
   please see the device datasheet.



Data Sheet report:
-----------------
All values displayed in nanoseconds (ns)

Setup/Hold to clock unbuf_clk
-------------+------------+------------+------------+------------+------------------+--------+
             |Max Setup to|  Process   |Max Hold to |  Process   |                  | Clock  |
Source       | clk (edge) |   Corner   | clk (edge) |   Corner   |Internal Clock(s) | Phase  |
-------------+------------+------------+------------+------------+------------------+--------+
button_center|    6.542(R)|      SLOW  |   -3.166(R)|      FAST  |cclk              |   0.000|
rstb_button  |    5.550(R)|      SLOW  |   -3.485(R)|      FAST  |cclk              |   0.000|
switch<7>    |    5.291(R)|      SLOW  |   -3.217(R)|      FAST  |cclk              |   0.000|
touch_busy   |    4.598(R)|      SLOW  |   -2.616(R)|      FAST  |cclk              |   0.000|
-------------+------------+------------+------------+------------+------------------+--------+

Clock unbuf_clk to Pad
-------------+-----------------+------------+-----------------+------------+------------------+--------+
             |Max (slowest) clk|  Process   |Min (fastest) clk|  Process   |                  | Clock  |
Destination  |  (edge) to PAD  |   Corner   |  (edge) to PAD  |   Corner   |Internal Clock(s) | Phase  |
-------------+-----------------+------------+-----------------+------------+------------------+--------+
led<0>       |         7.690(R)|      SLOW  |         4.379(R)|      FAST  |tft_clk_buf       |   0.000|
led<1>       |         8.057(R)|      SLOW  |         4.452(R)|      FAST  |tft_clk_buf       |   0.000|
led<2>       |         8.106(R)|      SLOW  |         4.475(R)|      FAST  |tft_clk_buf       |   0.000|
led<3>       |         8.779(R)|      SLOW  |         4.663(R)|      FAST  |tft_clk_buf       |   0.000|
led<4>       |         8.767(R)|      SLOW  |         4.633(R)|      FAST  |tft_clk_buf       |   0.000|
led<5>       |        12.533(R)|      SLOW  |         6.994(R)|      FAST  |tft_clk_buf       |   0.000|
led<6>       |        10.579(R)|      SLOW  |         5.476(R)|      FAST  |tft_clk_buf       |   0.000|
led<7>       |        10.834(R)|      SLOW  |         6.092(R)|      FAST  |cclk              |   0.000|
tft_blue<0>  |        25.672(R)|      SLOW  |         4.808(R)|      FAST  |tft_clk_buf       |   0.000|
tft_blue<1>  |        25.602(R)|      SLOW  |         4.610(R)|      FAST  |tft_clk_buf       |   0.000|
tft_blue<2>  |        14.046(R)|      SLOW  |         4.682(R)|      FAST  |tft_clk_buf       |   0.000|
tft_blue<3>  |        25.446(R)|      SLOW  |         4.732(R)|      FAST  |tft_clk_buf       |   0.000|
tft_blue<4>  |        25.994(R)|      SLOW  |         5.208(R)|      FAST  |tft_clk_buf       |   0.000|
tft_blue<5>  |        26.011(R)|      SLOW  |         5.176(R)|      FAST  |tft_clk_buf       |   0.000|
tft_blue<6>  |        25.783(R)|      SLOW  |         4.978(R)|      FAST  |tft_clk_buf       |   0.000|
tft_blue<7>  |        25.967(R)|      SLOW  |         5.075(R)|      FAST  |tft_clk_buf       |   0.000|
tft_clk      |         4.186(R)|      SLOW  |         1.865(R)|      FAST  |tft_clk_buf       |   0.000|
             |         4.171(R)|      SLOW  |         1.943(R)|      FAST  |tft_clk_buf_n     |   0.000|
tft_data_ena |        10.310(R)|      SLOW  |         4.849(R)|      FAST  |tft_clk_buf       |   0.000|
tft_display  |         4.307(R)|      SLOW  |         1.803(R)|      FAST  |tft_clk_buf       |   0.000|
tft_green<0> |        25.032(R)|      SLOW  |         4.570(R)|      FAST  |tft_clk_buf       |   0.000|
tft_green<1> |        25.523(R)|      SLOW  |         4.741(R)|      FAST  |tft_clk_buf       |   0.000|
tft_green<2> |        14.469(R)|      SLOW  |         4.375(R)|      FAST  |tft_clk_buf       |   0.000|
tft_green<3> |        25.442(R)|      SLOW  |         4.663(R)|      FAST  |tft_clk_buf       |   0.000|
tft_green<4> |        25.613(R)|      SLOW  |         4.787(R)|      FAST  |tft_clk_buf       |   0.000|
tft_green<5> |        25.843(R)|      SLOW  |         4.917(R)|      FAST  |tft_clk_buf       |   0.000|
tft_green<6> |        25.997(R)|      SLOW  |         4.920(R)|      FAST  |tft_clk_buf       |   0.000|
tft_green<7> |        26.078(R)|      SLOW  |         4.975(R)|      FAST  |tft_clk_buf       |   0.000|
tft_red<0>   |        25.338(R)|      SLOW  |         4.771(R)|      FAST  |tft_clk_buf       |   0.000|
tft_red<1>   |        25.831(R)|      SLOW  |         4.842(R)|      FAST  |tft_clk_buf       |   0.000|
tft_red<2>   |        14.602(R)|      SLOW  |         4.360(R)|      FAST  |tft_clk_buf       |   0.000|
tft_red<3>   |        26.056(R)|      SLOW  |         4.980(R)|      FAST  |tft_clk_buf       |   0.000|
tft_red<4>   |        26.027(R)|      SLOW  |         4.871(R)|      FAST  |tft_clk_buf       |   0.000|
tft_red<5>   |        26.291(R)|      SLOW  |         5.058(R)|      FAST  |tft_clk_buf       |   0.000|
tft_red<6>   |        25.955(R)|      SLOW  |         4.725(R)|      FAST  |tft_clk_buf       |   0.000|
tft_red<7>   |        25.861(R)|      SLOW  |         4.635(R)|      FAST  |tft_clk_buf       |   0.000|
tft_vdd      |         4.255(R)|      SLOW  |         1.751(R)|      FAST  |tft_clk_buf       |   0.000|
touch_clk    |         6.538(R)|      SLOW  |         3.466(R)|      FAST  |cclk              |   0.000|
touch_csb    |         7.702(R)|      SLOW  |         4.197(R)|      FAST  |cclk              |   0.000|
touch_data_in|         5.851(R)|      SLOW  |         3.013(R)|      FAST  |cclk              |   0.000|
-------------+-----------------+------------+-----------------+------------+------------------+--------+

Clock to Setup on destination clock unbuf_clk
---------------+---------+---------+---------+---------+
               | Src:Rise| Src:Fall| Src:Rise| Src:Fall|
Source Clock   |Dest:Rise|Dest:Rise|Dest:Fall|Dest:Fall|
---------------+---------+---------+---------+---------+
unbuf_clk      |    9.349|         |         |         |
---------------+---------+---------+---------+---------+

Pad to Pad
---------------+---------------+---------+
Source Pad     |Destination Pad|  Delay  |
---------------+---------------+---------+
switch<0>      |tft_blue<0>    |   15.731|
switch<0>      |tft_blue<1>    |   15.312|
switch<0>      |tft_blue<2>    |   14.419|
switch<0>      |tft_blue<3>    |   15.097|
switch<0>      |tft_blue<4>    |   15.467|
switch<0>      |tft_blue<5>    |   15.484|
switch<0>      |tft_blue<6>    |   15.289|
switch<0>      |tft_blue<7>    |   15.473|
switch<0>      |tft_green<0>   |   14.859|
switch<0>      |tft_green<1>   |   15.282|
switch<0>      |tft_green<2>   |   14.791|
switch<0>      |tft_green<3>   |   15.201|
switch<0>      |tft_green<4>   |   14.852|
switch<0>      |tft_green<5>   |   15.082|
switch<0>      |tft_green<6>   |   15.112|
switch<0>      |tft_green<7>   |   15.193|
switch<0>      |tft_red<0>     |   15.436|
switch<0>      |tft_red<1>     |   15.034|
switch<0>      |tft_red<2>     |   14.896|
switch<0>      |tft_red<3>     |   15.259|
switch<0>      |tft_red<4>     |   15.138|
switch<0>      |tft_red<5>     |   15.402|
switch<0>      |tft_red<6>     |   15.066|
switch<0>      |tft_red<7>     |   14.972|
---------------+---------------+---------+


Analysis completed Tue Dec  2 18:19:58 2014 
--------------------------------------------------------------------------------

Trace Settings:
-------------------------
Trace Settings 

Peak Memory Usage: 206 MB



